============================= test session starts =============================
platform win32 -- Python 3.11.14, pytest-9.0.2, pluggy-1.6.0 -- D:\Learning\personal-research-assistant-with-multi-source-rag\ai-research-assistant\.venv\Scripts\python.exe
cachedir: .pytest_cache
rootdir: D:\Learning\personal-research-assistant-with-multi-source-rag\ai-research-assistant
configfile: pyproject.toml
plugins: anyio-4.12.1, logfire-4.21.0, asyncio-1.3.0
asyncio: mode=Mode.STRICT, debug=False, asyncio_default_fixture_loop_scope=None, asyncio_default_test_loop_scope=function
collecting ... collected 0 items / 1 error

=================================== ERRORS ====================================
______________ ERROR collecting tests/unit/test_vector_store.py _______________
ImportError while importing test module 'D:\Learning\personal-research-assistant-with-multi-source-rag\ai-research-assistant\tests\unit\test_vector_store.py'.
Hint: make sure your test modules/packages have valid Python names.
Traceback:
C:\Users\Foday\AppData\Roaming\uv\python\cpython-3.11.14-windows-x86_64-none\Lib\importlib\__init__.py:126: in import_module
    return _bootstrap._gcd_import(name[level:], package, level)
           ^^^^^^^^^^^^^^^^^^^^^^^^^^^^^^^^^^^^^^^^^^^^^^^^^^^^
tests\unit\test_vector_store.py:4: in <module>
    from src.utils.vector_store import VectorStore
E   ModuleNotFoundError: No module named 'src'
=========================== short test summary info ===========================
ERROR tests/unit/test_vector_store.py
!!!!!!!!!!!!!!!!!!! Interrupted: 1 error during collection !!!!!!!!!!!!!!!!!!!!
============================== 1 error in 0.38s ===============================
